// Jest Snapshot v1, https://goo.gl/fbAQLP

exports[`Layout Body should render 1`] = `
<div>
  <main
    class="content ant-layout-content"
  >
    <div
      class="ant-breadcrumb"
    >
      <span>
        <span
          class="ant-breadcrumb-link"
        >
          <a
            href="/home"
            title="Home"
          >
            Home
          </a>
        </span>
        <span
          class="ant-breadcrumb-separator"
        >
          /
        </span>
      </span>
    </div>
    <div
      class="ant-row centered"
    >
      <div
        class="ant-col ant-col-12 ant-col-offset-6"
      >
        <h1>
          Greetings!
        </h1>
      </div>
    </div>
  </main>
  ;
</div>
`;
