// Jest Snapshot v1, https://goo.gl/fbAQLP

exports[`<ChatInput /> matches snapshot 1`] = `
<Row
  className="centered"
  gutter={0}
  style={
    Object {
      "paddingTop": "40px",
    }
  }
>
  <Col
    offset={6}
    span={12}
  >
    <Search
      autoFocus={true}
      disabled={false}
      enterButton={true}
      onChange={[Function]}
      onSearch={[Function]}
      placeholder="Say something to Rose Watson"
      size="large"
      value=""
    />
  </Col>
</Row>
`;
